Watching for file changes with StatReloader
Error sending email to ilnas228@inbox.ru: Reverse for 'category_subscribe' not found. 'category_subscribe' is not a valid view function or pattern name.
Error sending email to ilnas337@bk.ru: Reverse for 'category_subscribe' not found. 'category_subscribe' is not a valid view function or pattern name.
Error sending email to ilnas228@inbox.ru: Reverse for 'category_subscribe' not found. 'category_subscribe' is not a valid view function or pattern name.
Error sending email to ilnas337@bk.ru: Reverse for 'category_subscribe' not found. 'category_subscribe' is not a valid view function or pattern name.
Error sending email to ilnas228@inbox.ru: Reverse for 'category_subscribe' not found. 'category_subscribe' is not a valid view function or pattern name.
Error sending email to ilnas337@bk.ru: Reverse for 'category_subscribe' not found. 'category_subscribe' is not a valid view function or pattern name.
Error sending email to ilnas228@inbox.ru: Reverse for 'category_subscribe' not found. 'category_subscribe' is not a valid view function or pattern name.
Error sending email to ilnas337@bk.ru: Reverse for 'category_subscribe' not found. 'category_subscribe' is not a valid view function or pattern name.
Error sending email to ilnas228@inbox.ru: Reverse for 'category_subscribe' not found. 'category_subscribe' is not a valid view function or pattern name.
Error sending email to ilnas337@bk.ru: Reverse for 'category_subscribe' not found. 'category_subscribe' is not a valid view function or pattern name.
Error sending email to ilnas228@inbox.ru: Reverse for 'category_subscribe' not found. 'category_subscribe' is not a valid view function or pattern name.
Error sending email to ilnas337@bk.ru: Reverse for 'category_subscribe' not found. 'category_subscribe' is not a valid view function or pattern name.
Watching for file changes with StatReloader
Sent weekly digest to ilnas228@inbox.ru
Sent weekly digest to ilnas337@bk.ru
Sent weekly digest to ilnas228@inbox.ru
Sent weekly digest to ilnas337@bk.ru
Sent weekly digest to ilnas228@inbox.ru
Sent weekly digest to ilnas337@bk.ru
